~\Documents\GitHub>
~\Documents\GitHub> git config --global user.name "Immortaltec"
~\Documents\GitHub> git config --global useer.email "1415529809@qq.com"
~\Documents\GitHub> cd cd D:\test
D:\test [master]> git init
Reinitialized existing Git repository in D:/test/.git/
D:\test [master]> git add --all
D:\test [master]> git commit -m 'first commit'
On branch master
nothing to commit, working tree clean
D:\test [master]> git remote add origin https://github.com/Immortaltec/test.git
fatal: remote origin already exists.
D:\test [master]>  git remote -v
origin  https://github.com/Immortaltec/test.git (fetch)
origin  https://github.com/Immortaltec/test.git (push)
D:\test [master]> git push origin master
Username for 'https://github.com': Immortaltec
Password for 'https://Immortaltec@github.com':***(new token)
Counting objects: 3, done.
Writing objects: 100% (3/3), 206 bytes | 0 bytes/s, done.
Total 3 (delta 0), reused 0 (delta 0)
remote:
remote: Create a pull request for 'master' on GitHub by visiting:
remote:      https://github.com/Immortaltec/test/pull/new/master
remote:
To https://github.com/Immortaltec/test.git
 * [new branch]      master -> master
D:\test [master]>
#取消本地仓库与远程github仓库的链接
D:\test [master]> git remote remove origin

#上传图片等非自动初始化的文件,简单说,就是拉取出错
#error: failed to push some refs to 'https://github.com/Immortaltec/test.git'
git pull --rebase origin master
git push -u origin master
